// Jest Snapshot v1, https://goo.gl/fbAQLP

exports[`renders MainPage w/o crashing 1`] = `ShallowWrapper {}`;
